// Vitest Snapshot v1

exports[`MatchSnapShot test FirstNotes 1 1`] = `
<div>
  Hello First ! 
</div>
`;
