// Vitest Snapshot v1

exports[`MatchSnapShot test Footer 1`] = `
<div
  className="div--navfooter"
>
  <nav
    className="navbar--nav"
  >
    <ul
      className="navbar--ul"
    >
      <li
        className="navbar--li"
      >
        Contact
      </li>
      <li
        className="navbar--li"
      >
        Info
      </li>
      <li
        className="navbar--li"
      >
        Sponsors
      </li>
    </ul>
  </nav>
</div>
`;
