// Vitest Snapshot v1

exports[`MatchSnapShot test MainTitle 1`] = `
<div
  className="maintitle"
>
  <h1
    className="main--h1"
  >
    Chat-Society
  </h1>
  <h2
    className="main--h2"
  />
  <h4
    className="main--h4"
  />
</div>
`;
