// Vitest Snapshot v1

<<<<<<< HEAD
exports[`MatchSnapShot test PrivateMessage 1`] = `
<div
  className="private--chat"
=======
exports[`PrivateMessage MatchSnapShot 1`] = `
<div
  className="private--chat"
  data-testid="terminaltest"
>>>>>>> master
>
  <h1
    className="title--privatechat"
  >
     Chat
  </h1>
  <div
    className="private--terminal"
  >
    <div
      className="sub--privateterminal"
    >
      <div
        className="flex--imgnameroom"
      >
        <img
          alt="no img"
          className="img--private"
          height="64px"
          width="95px"
        />
      </div>
      <div
        className="title--private"
      >
        <h4
          className="subtitle--private"
        />
        <h4
          className="subtitle--private"
        />
        <h4
          className="subtitle--private"
        >
           years
        </h4>
        <h4
          className="subtitle--private email"
        />
        <h4
          className="lastsubtitle--private"
        >
          <span
            className="span--useronline"
          >
            ❌
          </span>
        </h4>
      </div>
    </div>
    <div
      className="private--messagebox"
    >
      <div />
    </div>
    <div
      className="inputbtn--privateterminal"
    >
      <input
<<<<<<< HEAD
=======
        data-testid="inputTest"
>>>>>>> master
        onChange={[Function]}
        placeholder="Enter your message here !"
        type="text"
        value=""
      />
      <button
        className="private--btn"
<<<<<<< HEAD
        data-testid="btn-privatemsg"
=======
>>>>>>> master
        onClick={[Function]}
        type="button"
      >
        Enter
      </button>
    </div>
  </div>
</div>
`;
