// Vitest Snapshot v1

exports[`ChooseMember MatchSnapShot 1`] = `
<span
  className="span--saloon"
  data-testid="chooseMemberId"
>
  <div
    className="user--imgsaloon"
  >
    <img
      className="img--saloon"
      height="100%"
      width="100%"
    />
    <p
      className="useronline"
    >
       
      <span
        className="useronline--icondeconnectected"
      >
        ❌
      </span>
    </p>
    <span
      className="askprivate--service"
      data-testid="ask"
      onClick={[Function]}
      title="Invite to private chat"
    >
      ✉
    </span>
    <span
      className="lastspan--online"
    >
      <button
        className="btn--lastspanonline"
        data-testid="add"
        onClick={[Function]}
        title="Add as Your Friend"
      >
        +
      </button>
    </span>
  </div>
</span>
`;
