// Vitest Snapshot v1

exports[`MatchSnapShot test DisplayInviteOrigin 1`] = `
<div
  className="invitation--display"
<<<<<<< HEAD
=======
  data-testid="displayOthertestid"
>>>>>>> master
>
  <h4
    className="invitation--h4"
  >
    <span
      className="span--h4"
    >
       !
    </span>
    <p
      style={
        {
          "marginTop": "30px",
        }
      }
    >
      You've recieved invitation from
    </p>
    <span
      className="span--h4"
    >
      .
    </span>
  </h4>
  <div
    className="definedroom--display"
  >
    <p
      className="invitation--p"
    >
      Are you ok for
      <span
        className="span--invitationp"
      />
      chat ?
    </p>
    <div
      className="checkbox--firstconfirm"
    >
      <label
        className="checkbox--lbl"
      >
        <input
          checked={false}
          onChange={[Function]}
          type="checkbox"
        />
         Yes
      </label>
      <label
        className="checkbox--lbl"
      >
        <input
          checked={false}
          onChange={[Function]}
          type="checkbox"
        />
         No
      </label>
    </div>
  </div>
  <button
    className="btn--displayotheruser"
    onClick={[Function]}
    type="button"
  >
    Validate
  </button>
</div>
`;
