// Vitest Snapshot v1

exports[`MatchSnapShot test ComputerRoom 1`] = `
<div>
  <div
    className="volet--L2"
  >
    <div
      className="subvolet--L2"
    >
      <button
        className="btn--volet"
      >
        X
      </button>
      <p>
        Private Chat
      </p>
      <span
        className="span"
      >
        <svg
          fill="currentColor"
          height={64}
          stroke="currentColor"
          strokeWidth="0"
          style={
            {
              "color": undefined,
            }
          }
          viewBox="0 0 16 16"
          width={64}
          xmlns="http://www.w3.org/2000/svg"
        >
          <path
            d="M16 8c0 3.866-3.582 7-8 7a9.06 9.06 0 0 1-2.347-.306c-.584.296-1.925.864-4.181 1.234-.2.032-.352-.176-.273-.362.354-.836.674-1.95.77-2.966C.744 11.37 0 9.76 0 8c0-3.866 3.582-7 8-7s8 3.134 8 7zM5 8a1 1 0 1 0-2 0 1 1 0 0 0 2 0zm4 0a1 1 0 1 0-2 0 1 1 0 0 0 2 0zm3 1a1 1 0 1 0 0-2 1 1 0 0 0 0 2z"
          />
        </svg>
      </span>
      <div
        className="form--search"
      >
        <input
          className="search--input"
          onChange={[Function]}
          placeholder="Search by firstname"
          type="text"
          value={[]}
        />
        <button
          className="btn--search"
          onClick={[Function]}
        >
          Enter
        </button>
      </div>
      <section
        className="section--voletl"
      />
    </div>
  </div>
</div>
`;
