// Vitest Snapshot v1

exports[`MatchSnapShot test Contact 1`] = `
<div>
  <div
    className="title--contact"
  >
    <h1>
      Contact
    </h1>
  </div>
</div>
`;
