// Vitest Snapshot v1

exports[`MatchSnapShot test Footer 1 1`] = `
<div>
  <div
    className="wallIntro"
  >
    <h1>
      Wellcome To ChatRoom !
    </h1>
  </div>
  <div
    className="btn--voletsLeft"
  >
    <button
      onClick={[Function]}
    >
      Click me(L)
    </button>
  </div>
  <div
    className="btn--voletsRight"
  >
    <button
      onClick={[Function]}
    >
      Click me(R)
    </button>
  </div>
  <div
    className="volet--R2"
  >
    <div
      className="subvolet--R2"
    >
      <button
        onClick={[Function]}
      >
        X
      </button>
      <p>
        Volet R 2
      </p>
    </div>
  </div>
  <div
    className="volet--L2"
  >
    <div
      className="subvolet--L2"
    >
      <p>
        Volet L 2
      </p>
      <button
        onClick={[Function]}
      >
        Close
      </button>
    </div>
  </div>
  <div
    style={
      {
        "background": "#161616",
        "border": "1px solid lightgreen",
        "borderRadius": "10px",
        "boxShadow": "0px 0px 10px lightgreen",
        "color": "whitesmoke",
        "fontFamily": "Consolas, serif",
        "height": "auto",
        "margin": "auto",
        "marginTop": "100px",
        "textAlign": "center",
        "width": "600px",
      }
    }
  >
    <h1>
      Chat-Room STACK
    </h1>
    <h2>
      Text Header
    </h2>
    <h4>
      MY SECOND TEXT HEADER
    </h4>
  </div>
  <div
    style={
      {
        "background": "#161616",
        "color": "lightgreen",
        "fontSize": "1.2rem",
        "margin": "auto",
        "marginTop": "40px",
        "padding": "20px 40px",
        "width": "600px",
      }
    }
  >
    <h2
      style={
        {
          "textAlign": "center",
        }
      }
    >
      All Members !
    </h2>
    <div>
      <p>
        Pierre
         
        Dujardin
         - 
        44
         ans - 
        male
      </p>
      <p>
        Celestine
         
        Chakra
         - 
        37
         ans - 
        female
      </p>
      <p>
        Gérard
         
        Golan
         - 
        28
         ans - 
        male
      </p>
      <p>
        Juju
         
        Ptitcoeur
         - 
        42
         ans - 
        female
      </p>
      <p>
        Nathi
         
        Naelle
         - 
        34
         ans - 
        female
      </p>
    </div>
    <span />
  </div>
  <div
    className="div--review"
  >
    <h1>
      Reports
    </h1>
    <p>
      Pierre
       
      43
    </p>
    <p>
      Celestine
       
      3
    </p>
    <p>
      Gérard
       
      14
    </p>
    <p>
      Juju
       
      21
    </p>
    <p>
      Nathi
       
      99
    </p>
  </div>
  <div
    className="div--navfooter"
  >
    <nav>
      <ul>
        <li>
          Contact
        </li>
        <li>
          About US
        </li>
        <li>
          Rules
        </li>
      </ul>
    </nav>
  </div>
</div>
`;

exports[`MatchSnapShot test Header 1 1`] = `
<div>
  <div
    className="wallIntro"
  >
    <h1>
      Wellcome To ChatRoom !
    </h1>
  </div>
  <div
    className="btn--voletsLeft"
  >
    <button
      onClick={[Function]}
    >
      Click me(L)
    </button>
  </div>
  <div
    className="btn--voletsRight"
  >
    <button
      onClick={[Function]}
    >
      Click me(R)
    </button>
  </div>
  <div
    className="volet--R2"
  >
    <div
      className="subvolet--R2"
    >
      <button
        onClick={[Function]}
      >
        X
      </button>
      <p>
        Volet R 2
      </p>
    </div>
  </div>
  <div
    className="volet--L2"
  >
    <div
      className="subvolet--L2"
    >
      <p>
        Volet L 2
      </p>
      <button
        onClick={[Function]}
      >
        Close
      </button>
    </div>
  </div>
  <div
    style={
      {
        "background": "#161616",
        "border": "1px solid lightgreen",
        "borderRadius": "10px",
        "boxShadow": "0px 0px 10px lightgreen",
        "color": "whitesmoke",
        "fontFamily": "Consolas, serif",
        "height": "auto",
        "margin": "auto",
        "marginTop": "100px",
        "textAlign": "center",
        "width": "600px",
      }
    }
  >
    <h1>
      Chat-Room STACK
    </h1>
    <h2>
      Text Header
    </h2>
    <h4>
      MY SECOND TEXT HEADER
    </h4>
  </div>
  <div
    style={
      {
        "background": "#161616",
        "color": "lightgreen",
        "fontSize": "1.2rem",
        "margin": "auto",
        "marginTop": "40px",
        "padding": "20px 40px",
        "width": "600px",
      }
    }
  >
    <h2
      style={
        {
          "textAlign": "center",
        }
      }
    >
      All Members !
    </h2>
    <div>
      <p>
        Pierre
         
        Dujardin
         - 
        44
         ans - 
        male
      </p>
      <p>
        Celestine
         
        Chakra
         - 
        37
         ans - 
        female
      </p>
      <p>
        Gérard
         
        Golan
         - 
        28
         ans - 
        male
      </p>
      <p>
        Juju
         
        Ptitcoeur
         - 
        42
         ans - 
        female
      </p>
      <p>
        Nathi
         
        Naelle
         - 
        34
         ans - 
        female
      </p>
    </div>
    <span />
  </div>
  <div
    className="div--review"
  >
    <h1>
      Reports
    </h1>
    <p>
      Pierre
       
      43
    </p>
    <p>
      Celestine
       
      3
    </p>
    <p>
      Gérard
       
      14
    </p>
    <p>
      Juju
       
      21
    </p>
    <p>
      Nathi
       
      99
    </p>
  </div>
  <div
    className="div--navfooter"
  >
    <nav>
      <ul>
        <li>
          Contact
        </li>
        <li>
          About US
        </li>
        <li>
          Rules
        </li>
      </ul>
    </nav>
  </div>
</div>
`;

exports[`MatchSnapShot test MainComp 1 1`] = `
<div>
  <div
    className="wallIntro"
  >
    <h1>
      Wellcome To ChatRoom !
    </h1>
  </div>
  <div
    className="btn--voletsLeft"
  >
    <button
      onClick={[Function]}
    >
      Click me(L)
    </button>
  </div>
  <div
    className="btn--voletsRight"
  >
    <button
      onClick={[Function]}
    >
      Click me(R)
    </button>
  </div>
  <div
    className="volet--R2"
  >
    <div
      className="subvolet--R2"
    >
      <button
        onClick={[Function]}
      >
        X
      </button>
      <p>
        Volet R 2
      </p>
    </div>
  </div>
  <div
    className="volet--L2"
  >
    <div
      className="subvolet--L2"
    >
      <p>
        Volet L 2
      </p>
      <button
        onClick={[Function]}
      >
        Close
      </button>
    </div>
  </div>
  <div
    style={
      {
        "background": "#161616",
        "border": "1px solid lightgreen",
        "borderRadius": "10px",
        "boxShadow": "0px 0px 10px lightgreen",
        "color": "whitesmoke",
        "fontFamily": "Consolas, serif",
        "height": "auto",
        "margin": "auto",
        "marginTop": "100px",
        "textAlign": "center",
        "width": "600px",
      }
    }
  >
    <h1>
      Chat-Room STACK
    </h1>
    <h2>
      Text Header
    </h2>
    <h4>
      MY SECOND TEXT HEADER
    </h4>
  </div>
  <div
    style={
      {
        "background": "#161616",
        "color": "lightgreen",
        "fontSize": "1.2rem",
        "margin": "auto",
        "marginTop": "40px",
        "padding": "20px 40px",
        "width": "600px",
      }
    }
  >
    <h2
      style={
        {
          "textAlign": "center",
        }
      }
    >
      All Members !
    </h2>
    <div>
      <p>
        Pierre
         
        Dujardin
         - 
        44
         ans - 
        male
      </p>
      <p>
        Celestine
         
        Chakra
         - 
        37
         ans - 
        female
      </p>
      <p>
        Gérard
         
        Golan
         - 
        28
         ans - 
        male
      </p>
      <p>
        Juju
         
        Ptitcoeur
         - 
        42
         ans - 
        female
      </p>
      <p>
        Nathi
         
        Naelle
         - 
        34
         ans - 
        female
      </p>
    </div>
    <span />
  </div>
  <div
    className="div--review"
  >
    <h1>
      Reports
    </h1>
    <p>
      Pierre
       
      43
    </p>
    <p>
      Celestine
       
      3
    </p>
    <p>
      Gérard
       
      14
    </p>
    <p>
      Juju
       
      21
    </p>
    <p>
      Nathi
       
      99
    </p>
  </div>
  <div
    className="div--navfooter"
  >
    <nav>
      <ul>
        <li>
          Contact
        </li>
        <li>
          About US
        </li>
        <li>
          Rules
        </li>
      </ul>
    </nav>
  </div>
</div>
`;

exports[`MatchSnapShot test MainTitle 1 1`] = `
<div>
  <div
    className="wallIntro"
  >
    <h1>
      Wellcome To ChatRoom !
    </h1>
  </div>
  <div
    className="btn--voletsLeft"
  >
    <button
      onClick={[Function]}
    >
      Click me(L)
    </button>
  </div>
  <div
    className="btn--voletsRight"
  >
    <button
      onClick={[Function]}
    >
      Click me(R)
    </button>
  </div>
  <div
    className="volet--R2"
  >
    <div
      className="subvolet--R2"
    >
      <button
        onClick={[Function]}
      >
        X
      </button>
      <p>
        Volet R 2
      </p>
    </div>
  </div>
  <div
    className="volet--L2"
  >
    <div
      className="subvolet--L2"
    >
      <p>
        Volet L 2
      </p>
      <button
        onClick={[Function]}
      >
        Close
      </button>
    </div>
  </div>
  <div
    style={
      {
        "background": "#161616",
        "border": "1px solid lightgreen",
        "borderRadius": "10px",
        "boxShadow": "0px 0px 10px lightgreen",
        "color": "whitesmoke",
        "fontFamily": "Consolas, serif",
        "height": "auto",
        "margin": "auto",
        "marginTop": "100px",
        "textAlign": "center",
        "width": "600px",
      }
    }
  >
    <h1>
      Chat-Room STACK
    </h1>
    <h2>
      Text Header
    </h2>
    <h4>
      MY SECOND TEXT HEADER
    </h4>
  </div>
  <div
    style={
      {
        "background": "#161616",
        "color": "lightgreen",
        "fontSize": "1.2rem",
        "margin": "auto",
        "marginTop": "40px",
        "padding": "20px 40px",
        "width": "600px",
      }
    }
  >
    <h2
      style={
        {
          "textAlign": "center",
        }
      }
    >
      All Members !
    </h2>
    <div>
      <p>
        Pierre
         
        Dujardin
         - 
        44
         ans - 
        male
      </p>
      <p>
        Celestine
         
        Chakra
         - 
        37
         ans - 
        female
      </p>
      <p>
        Gérard
         
        Golan
         - 
        28
         ans - 
        male
      </p>
      <p>
        Juju
         
        Ptitcoeur
         - 
        42
         ans - 
        female
      </p>
      <p>
        Nathi
         
        Naelle
         - 
        34
         ans - 
        female
      </p>
    </div>
    <span />
  </div>
  <div
    className="div--review"
  >
    <h1>
      Reports
    </h1>
    <p>
      Pierre
       
      43
    </p>
    <p>
      Celestine
       
      3
    </p>
    <p>
      Gérard
       
      14
    </p>
    <p>
      Juju
       
      21
    </p>
    <p>
      Nathi
       
      99
    </p>
  </div>
  <div
    className="div--navfooter"
  >
    <nav>
      <ul>
        <li>
          Contact
        </li>
        <li>
          About US
        </li>
        <li>
          Rules
        </li>
      </ul>
    </nav>
  </div>
</div>
`;

exports[`MatchSnapShot test Review 1 1`] = `
<div>
  <div
    className="wallIntro"
  >
    <h1>
      Wellcome To ChatRoom !
    </h1>
  </div>
  <div
    className="btn--voletsLeft"
  >
    <button
      onClick={[Function]}
    >
      Click me(L)
    </button>
  </div>
  <div
    className="btn--voletsRight"
  >
    <button
      onClick={[Function]}
    >
      Click me(R)
    </button>
  </div>
  <div
    className="volet--R2"
  >
    <div
      className="subvolet--R2"
    >
      <button
        onClick={[Function]}
      >
        X
      </button>
      <p>
        Volet R 2
      </p>
    </div>
  </div>
  <div
    className="volet--L2"
  >
    <div
      className="subvolet--L2"
    >
      <p>
        Volet L 2
      </p>
      <button
        onClick={[Function]}
      >
        Close
      </button>
    </div>
  </div>
  <div
    style={
      {
        "background": "#161616",
        "border": "1px solid lightgreen",
        "borderRadius": "10px",
        "boxShadow": "0px 0px 10px lightgreen",
        "color": "whitesmoke",
        "fontFamily": "Consolas, serif",
        "height": "auto",
        "margin": "auto",
        "marginTop": "100px",
        "textAlign": "center",
        "width": "600px",
      }
    }
  >
    <h1>
      Chat-Room STACK
    </h1>
    <h2>
      Text Header
    </h2>
    <h4>
      MY SECOND TEXT HEADER
    </h4>
  </div>
  <div
    style={
      {
        "background": "#161616",
        "color": "lightgreen",
        "fontSize": "1.2rem",
        "margin": "auto",
        "marginTop": "40px",
        "padding": "20px 40px",
        "width": "600px",
      }
    }
  >
    <h2
      style={
        {
          "textAlign": "center",
        }
      }
    >
      All Members !
    </h2>
    <div>
      <p>
        Pierre
         
        Dujardin
         - 
        44
         ans - 
        male
      </p>
      <p>
        Celestine
         
        Chakra
         - 
        37
         ans - 
        female
      </p>
      <p>
        Gérard
         
        Golan
         - 
        28
         ans - 
        male
      </p>
      <p>
        Juju
         
        Ptitcoeur
         - 
        42
         ans - 
        female
      </p>
      <p>
        Nathi
         
        Naelle
         - 
        34
         ans - 
        female
      </p>
    </div>
    <span />
  </div>
  <div
    className="div--review"
  >
    <h1>
      Reports
    </h1>
    <p>
      Pierre
       
      43
    </p>
    <p>
      Celestine
       
      3
    </p>
    <p>
      Gérard
       
      14
    </p>
    <p>
      Juju
       
      21
    </p>
    <p>
      Nathi
       
      99
    </p>
  </div>
  <div
    className="div--navfooter"
  >
    <nav>
      <ul>
        <li>
          Contact
        </li>
        <li>
          About US
        </li>
        <li>
          Rules
        </li>
      </ul>
    </nav>
  </div>
</div>
`;

exports[`suite name > snapshot 1`] = `
{
  "foo": "bar",
}
`;
