// Vitest Snapshot v1

exports[`MatchSnapShot test TerminalComponent 1`] = `
<section
  className="terminal"
  data-testid="terminaltest"
>
  <span
    className="intro--terminal"
  >
    <h3
      className="intro--terminalh3"
    />
  </span>
  <div
    className="div--terminal"
  />
  <div
    className="subterminal"
  >
    <div
      className="div--psubterminal"
    >
      <p
        className="arrow"
      >
        â–¶
      </p>
    </div>
    <input
      className="input--message"
      onChange={[Function]}
      placeholder="Write something here..."
      required={true}
      type="text"
      value=""
    />
    <button
      className="btn--user"
      onClick={[Function]}
      type="button"
    >
      Enter
    </button>
  </div>
</section>
`;
